Archive member included to satisfy reference by file (symbol)

/home/ubuntu/bolos-devenv/gcc-arm-none-eabi-5_3-2016q1/bin/../lib/gcc/arm-none-eabi/5.3.1/armv6-m/libgcc.a(_udivsi3.o)
                              obj/btchip_base58.o (__aeabi_uidiv)
/home/ubuntu/bolos-devenv/gcc-arm-none-eabi-5_3-2016q1/bin/../lib/gcc/arm-none-eabi/5.3.1/armv6-m/libgcc.a(_divsi3.o)
                              obj/btchip_base58.o (__aeabi_idiv)
/home/ubuntu/bolos-devenv/gcc-arm-none-eabi-5_3-2016q1/bin/../lib/gcc/arm-none-eabi/5.3.1/armv6-m/libgcc.a(_dvmd_tls.o)
                              /home/ubuntu/bolos-devenv/gcc-arm-none-eabi-5_3-2016q1/bin/../lib/gcc/arm-none-eabi/5.3.1/armv6-m/libgcc.a(_udivsi3.o) (__aeabi_idiv0)
/home/ubuntu/bolos-devenv/gcc-arm-none-eabi-5_3-2016q1/bin/../lib/gcc/arm-none-eabi/5.3.1/armv6-m/libgcc.a(_lshrdi3.o)
                              obj/cashaddr.o (__aeabi_llsr)
/home/ubuntu/bolos-devenv/gcc-arm-none-eabi-5_3-2016q1/bin/../lib/gcc/arm-none-eabi/5.3.1/../../../../arm-none-eabi/lib/armv6-m/libc.a(lib_a-aeabi_memclr.o)
                              obj/os_printf.o (__aeabi_memclr)
/home/ubuntu/bolos-devenv/gcc-arm-none-eabi-5_3-2016q1/bin/../lib/gcc/arm-none-eabi/5.3.1/../../../../arm-none-eabi/lib/armv6-m/libc.a(lib_a-aeabi_memcpy.o)
                              obj/main.o (__aeabi_memcpy)
/home/ubuntu/bolos-devenv/gcc-arm-none-eabi-5_3-2016q1/bin/../lib/gcc/arm-none-eabi/5.3.1/../../../../arm-none-eabi/lib/armv6-m/libc.a(lib_a-aeabi_memmove.o)
                              obj/os_printf.o (__aeabi_memmove)
/home/ubuntu/bolos-devenv/gcc-arm-none-eabi-5_3-2016q1/bin/../lib/gcc/arm-none-eabi/5.3.1/../../../../arm-none-eabi/lib/armv6-m/libc.a(lib_a-aeabi_memset.o)
                              obj/os.o (__aeabi_memset)
/home/ubuntu/bolos-devenv/gcc-arm-none-eabi-5_3-2016q1/bin/../lib/gcc/arm-none-eabi/5.3.1/../../../../arm-none-eabi/lib/armv6-m/libc.a(lib_a-memcpy-stub.o)
                              /home/ubuntu/bolos-devenv/gcc-arm-none-eabi-5_3-2016q1/bin/../lib/gcc/arm-none-eabi/5.3.1/../../../../arm-none-eabi/lib/armv6-m/libc.a(lib_a-aeabi_memcpy.o) (memcpy)
/home/ubuntu/bolos-devenv/gcc-arm-none-eabi-5_3-2016q1/bin/../lib/gcc/arm-none-eabi/5.3.1/../../../../arm-none-eabi/lib/armv6-m/libc.a(lib_a-memmove.o)
                              /home/ubuntu/bolos-devenv/gcc-arm-none-eabi-5_3-2016q1/bin/../lib/gcc/arm-none-eabi/5.3.1/../../../../arm-none-eabi/lib/armv6-m/libc.a(lib_a-aeabi_memmove.o) (memmove)
/home/ubuntu/bolos-devenv/gcc-arm-none-eabi-5_3-2016q1/bin/../lib/gcc/arm-none-eabi/5.3.1/../../../../arm-none-eabi/lib/armv6-m/libc.a(lib_a-memset.o)
                              /home/ubuntu/bolos-devenv/gcc-arm-none-eabi-5_3-2016q1/bin/../lib/gcc/arm-none-eabi/5.3.1/../../../../arm-none-eabi/lib/armv6-m/libc.a(lib_a-aeabi_memset.o) (memset)
/home/ubuntu/bolos-devenv/gcc-arm-none-eabi-5_3-2016q1/bin/../lib/gcc/arm-none-eabi/5.3.1/../../../../arm-none-eabi/lib/armv6-m/libc.a(lib_a-setjmp.o)
                              obj/btchip.o (setjmp)
/home/ubuntu/bolos-devenv/gcc-arm-none-eabi-5_3-2016q1/bin/../lib/gcc/arm-none-eabi/5.3.1/../../../../arm-none-eabi/lib/armv6-m/libc.a(lib_a-strlen-stub.o)
                              obj/btchip_apdu_get_wallet_public_key.o (strlen)
/home/ubuntu/bolos-devenv/gcc-arm-none-eabi-5_3-2016q1/bin/../lib/gcc/arm-none-eabi/5.3.1/../../../../arm-none-eabi/lib/armv6-m/libc.a(lib_a-strncmp.o)
                              obj/segwit_addr.o (strncmp)
/home/ubuntu/bolos-devenv/gcc-arm-none-eabi-5_3-2016q1/bin/../lib/gcc/arm-none-eabi/5.3.1/../../../../arm-none-eabi/lib/armv6-m/libc.a(lib_a-strncpy.o)
                              obj/main.o (strncpy)
/home/ubuntu/bolos-devenv/gcc-arm-none-eabi-5_3-2016q1/bin/../lib/gcc/arm-none-eabi/5.3.1/../../../../arm-none-eabi/lib/armv6-m/libc.a(lib_a-strnlen.o)
                              obj/btchip_helpers.o (strnlen)

Discarded input sections

 .text          0x00000000        0x0 obj/btchip.o
 .text.app_dispatch
                0x00000000      0x134 obj/btchip.o
 .ARM.exidx.text.app_dispatch
                0x00000000        0x8 obj/btchip.o
 .text.app_main
                0x00000000       0x40 obj/btchip.o
 .ARM.exidx.text.app_main
                0x00000000        0x8 obj/btchip.o
 .debug_str     0x00000000      0x139 obj/btchip.o
 .debug_loc     0x00000000       0x54 obj/btchip.o
 .debug_abbrev  0x00000000       0xd8 obj/btchip.o
 .debug_info    0x00000000      0x14b obj/btchip.o
 .debug_ranges  0x00000000       0x30 obj/btchip.o
 .debug_macinfo
                0x00000000        0x1 obj/btchip.o
 .comment       0x00000000       0x2e obj/btchip.o
 .note.GNU-stack
                0x00000000        0x0 obj/btchip.o
 .ARM.attributes
                0x00000000       0x43 obj/btchip.o
 .debug_frame   0x00000000       0x40 obj/btchip.o
 .debug_line    0x00000000      0x1af obj/btchip.o
 .llvm_addrsig  0x00000000        0x2 obj/btchip.o
 .text          0x00000000        0x0 obj/btchip_apdu_get_coin_version.o
[...]
Memory Configuration

Name             Origin             Length             Attributes
DISCARD          0xd0000000         0x00100000         xrw
FLASH            0xc0d00000         0x00064000         xr
SRAM             0x20001800         0x00001000         xrw
*default*        0x00000000         0xffffffff

Linker script and memory map

LOAD obj/btchip.o
LOAD obj/btchip_apdu_get_coin_version.o
LOAD obj/btchip_apdu_get_firmware_version.o
LOAD obj/btchip_apdu_get_operation_mode.o
LOAD obj/btchip_apdu_get_random.o
LOAD obj/btchip_apdu_get_trusted_input.o
LOAD obj/btchip_apdu_get_wallet_public_key.o
LOAD obj/btchip_apdu_hash_input_finalize_full.o
LOAD obj/btchip_apdu_hash_input_start.o
LOAD obj/btchip_apdu_hash_sign.o
LOAD obj/btchip_apdu_set_alternate_coin_version.o
LOAD obj/btchip_apdu_set_operation_mode.o
LOAD obj/btchip_apdu_setup.o
LOAD obj/btchip_apdu_sign_message.o
LOAD obj/btchip_apdu_verify_pin.o
LOAD obj/btchip_base58.o
LOAD obj/btchip_bcd.o
LOAD obj/btchip_context.o
LOAD obj/btchip_ecc.o
LOAD obj/btchip_filesystem.o
LOAD obj/btchip_helpers.o
LOAD obj/btchip_nvram.o
LOAD obj/btchip_public_ram_key_variables.o
LOAD obj/btchip_public_ram_variables.o
LOAD obj/btchip_rom_variables.o
LOAD obj/btchip_secure_value.o
LOAD obj/btchip_transaction.o
LOAD obj/cashaddr.o
LOAD obj/cx.o
LOAD obj/cx_compliance_141.o
LOAD obj/glyphs.o
LOAD obj/main.o
LOAD obj/os.o
LOAD obj/os_io_seproxyhal.o
LOAD obj/os_io_usb.o
LOAD obj/os_printf.o
LOAD obj/pic.o
LOAD obj/pic_internal.o
LOAD obj/qrcodegen.o
LOAD obj/segwit_addr.o
LOAD obj/syscalls.o
LOAD obj/tcr.o
LOAD obj/u2f_impl.o
LOAD obj/u2f_io.o
LOAD obj/u2f_transport.o
LOAD obj/usbd_ccid_cmd.o
LOAD obj/usbd_ccid_core.o
LOAD obj/usbd_ccid_if.o
LOAD obj/usbd_conf.o
LOAD obj/usbd_core.o
LOAD obj/usbd_ctlreq.o
LOAD obj/usbd_hid.o
LOAD obj/usbd_impl.o
LOAD obj/usbd_ioreq.o
LOAD obj/ux_legacy.o
LOAD /home/ubuntu/bolos-devenv/gcc-arm-none-eabi-5_3-2016q1/bin/../lib/gcc/arm-none-eabi/5.3.1/../../../../arm-none-eabi/lib/armv6-m/libm.a
LOAD /home/ubuntu/bolos-devenv/gcc-arm-none-eabi-5_3-2016q1/bin/../lib/gcc/arm-none-eabi/5.3.1/armv6-m/libgcc.a
LOAD /home/ubuntu/bolos-devenv/gcc-arm-none-eabi-5_3-2016q1/bin/../lib/gcc/arm-none-eabi/5.3.1/../../../../arm-none-eabi/lib/armv6-m/libc.a
START GROUP
LOAD /home/ubuntu/bolos-devenv/gcc-arm-none-eabi-5_3-2016q1/bin/../lib/gcc/arm-none-eabi/5.3.1/armv6-m/libgcc.a
LOAD /home/ubuntu/bolos-devenv/gcc-arm-none-eabi-5_3-2016q1/bin/../lib/gcc/arm-none-eabi/5.3.1/../../../../arm-none-eabi/lib/armv6-m/libg.a
LOAD /home/ubuntu/bolos-devenv/gcc-arm-none-eabi-5_3-2016q1/bin/../lib/gcc/arm-none-eabi/5.3.1/../../../../arm-none-eabi/lib/armv6-m/libc.a
END GROUP
                0x00000040                PAGE_SIZE = 0x40
                0x00000200                STACK_SIZE = 0x200
                0x20002800                END_STACK = (ORIGIN (SRAM) + LENGTH (SRAM))

.text           0xc0d00000      0x400
                0xc0d00000                _text = .
                0xc0d00000                _nvram = .
                [!provide]                PROVIDE (_setjmp, setjmp)
 *(.boot*)
 .boot          0xc0d00000       0xa8 obj/main.o
                0xc0d00000                main
 *(.text*)
 .text.app_exit
                0xc0d000a8       0x40 obj/main.o
                0xc0d000a8                app_exit
 .text.os_memmove
                0xc0d000e8       0x2c obj/os.o
                0xc0d000e8                os_memmove
 .text.os_longjmp
                0xc0d00114        0xc obj/os.o
                0xc0d00114                os_longjmp
 .text.SVC_Call
                0xc0d00120        0x4 obj/syscalls.o
                0xc0d00120                SVC_Call
 .text.check_api_level
                0xc0d00124       0x18 obj/syscalls.o
                0xc0d00124                check_api_level
 .text.os_lib_call
                0xc0d0013c       0x18 obj/syscalls.o
                0xc0d0013c                os_lib_call
 .text.os_sched_exit
                0xc0d00154       0x18 obj/syscalls.o
                0xc0d00154                os_sched_exit
 .text.try_context_get
                0xc0d0016c       0x18 obj/syscalls.o
                0xc0d0016c                try_context_get
 .text.try_context_set
                0xc0d00184       0x18 obj/syscalls.o
                0xc0d00184                try_context_set
 .text          0xc0d0019c       0x34 /home/ubuntu/bolos-devenv/gcc-arm-none-eabi-5_3-2016q1/bin/../lib/gcc/arm-none-eabi/5.3.1/../../../../arm-none-eabi/lib/armv6-m/libc.a(lib_a-setjmp.o)
                0xc0d0019c                setjmp
                0xc0d001b4                longjmp
 *(.rodata)
 *(.rodata.[^N]*)
 .rodata.str1.1
                0xc0d001d0      0x1c3 obj/main.o
                                0x1ce (size before relaxing)
 *fill*         0xc0d00393        0x1 00
 .rodata.str1.4
                0xc0d00394       0x28 obj/main.o
                                 0x27 (size before relaxing)
 .rodata.C_coin_config
                0xc0d003bc       0x28 obj/main.o
                0xc0d003bc                C_coin_config
 *(.rodata.N[^_]*)
                0xc0d003e4                . = ALIGN (0x4)
                0xc0d003e4                _etext = .
                0xc0d00400                . = ALIGN (PAGE_SIZE)
 *fill*         0xc0d003e4       0x1c 00
                0xc0d00400                _nvram_data = .
 *(.bss.N_* .rodata.N_*)
                0xc0d00400                . = ALIGN (PAGE_SIZE)
                0xc0d00400                _envram_data = .
                0xc0d00400                _install_parameters = .
                0xc0d00400                _envram = .

.glue_7         0xc0d00400        0x0
 .glue_7        0xc0d00400        0x0 linker stubs

.glue_7t        0xc0d00400        0x0
 .glue_7t       0xc0d00400        0x0 linker stubs

.vfp11_veneer   0xc0d00400        0x0
 .vfp11_veneer  0xc0d00400        0x0 linker stubs

.v4_bx          0xc0d00400        0x0
 .v4_bx         0xc0d00400        0x0 linker stubs

.iplt           0xc0d00400        0x0
 .iplt          0xc0d00400        0x0 obj/btchip.o

.data           0xd0000000        0x0
                0xd0000000                . = ALIGN (0x4)
                0xd0000000                _data = .
 *(vtable)
 *(.data*)
                0xd0000000                _edata = .

.igot.plt       0xd0000000        0x0
 .igot.plt      0xd0000000        0x0 obj/btchip.o

.bss            0x20001800      0x204
                0x20001800                _bss = .
 *(.bss*)
                0x20001800                _ebss = .
                0x20001800                . = ALIGN (0x4)
                0x20001800                app_stack_canary = .
                [!provide]                PROVIDE (app_stack_canary, .)
                0x20001804                . = (. + 0x4)
 *fill*         0x20001800        0x4 00
                0x20001804                _stack_validation = .
                0x20001a04                . = (_stack_validation + STACK_SIZE)
 *fill*         0x20001804      0x200 00
                0x20002600                _stack = (ABSOLUTE (END_STACK) - STACK_SIZE)
                [!provide]                PROVIDE (_stack, (ABSOLUTE (END_STACK) - STACK_SIZE))
                0x20002800                _estack = ABSOLUTE (END_STACK)
                [!provide]                PROVIDE (_estack, ABSOLUTE (END_STACK))

DEBUG           0xd0000000        0x8
 libc.a(*)
 libm.a(*)
 libgcc.a(*)
 *(.ARM.exidx* .gnu.linkonce.armexidx.*)
 .ARM.exidx.text.app_exit
                0xd0000000        0x0 obj/main.o
                                  0x8 (size before relaxing)
 .ARM.exidx.boot
                0xd0000000        0x8 obj/main.o
 .ARM.exidx.text.os_memmove
                0xd0000008        0x0 obj/os.o
                                  0x8 (size before relaxing)
 .ARM.exidx.text.os_longjmp
                0xd0000008        0x0 obj/os.o
                                  0x8 (size before relaxing)
 .ARM.exidx.text.SVC_Call
                0xd0000008        0x0 obj/syscalls.o
                                  0x8 (size before relaxing)
 .ARM.exidx.text.check_api_level
                0xd0000008        0x0 obj/syscalls.o
                                  0x8 (size before relaxing)
 .ARM.exidx.text.os_lib_call
                0xd0000008        0x0 obj/syscalls.o
                                  0x8 (size before relaxing)
 .ARM.exidx.text.os_sched_exit
                0xd0000008        0x0 obj/syscalls.o
                                  0x8 (size before relaxing)
 .ARM.exidx.text.try_context_get
                0xd0000008        0x0 obj/syscalls.o
                                  0x8 (size before relaxing)
 .ARM.exidx.text.try_context_set
                0xd0000008        0x0 obj/syscalls.o
                                  0x8 (size before relaxing)

.rel.dyn        0xd0000008        0x0
 .rel.iplt      0xd0000008        0x0 obj/btchip.o

.stab
 *(.stab)

.stabstr
 *(.stabstr)

.stab.excl
 *(.stab.excl)

.stab.exclstr
 *(.stab.exclstr)

.stab.index
 *(.stab.index)

.stab.indexstr
 *(.stab.indexstr)

.comment        0x00000000       0x2d
 *(.comment)
 .comment       0x00000000       0x2d obj/main.o
                                 0x2e (size before relaxing)
 .comment       0x0000002d       0x2e obj/os.o
 .comment       0x0000002d       0x2e obj/syscalls.o

.note.GNU-stack
                0x00000000        0x0
 .note.GNU-stack
                0x00000000        0x0 obj/main.o
 .note.GNU-stack
                0x00000000        0x0 obj/os.o
 .note.GNU-stack
                0x00000000        0x0 obj/syscalls.o

.ARM.attributes
                0x00000000       0x33
 .ARM.attributes
                0x00000000       0x43 obj/main.o
 .ARM.attributes
                0x00000043       0x43 obj/os.o
 .ARM.attributes
                0x00000086       0x43 obj/syscalls.o
 .ARM.attributes
                0x000000c9       0x1c /home/ubuntu/bolos-devenv/gcc-arm-none-eabi-5_3-2016q1/bin/../lib/gcc/arm-none-eabi/5.3.1/../../../../arm-none-eabi/lib/armv6-m/libc.a(lib_a-setjmp.o)

.debug
 *(.debug)

.line
 *(.line)

.debug_srcinfo
 *(.debug_srcinfo)

.debug_sfnames
 *(.debug_sfnames)

.debug_aranges
 *(.debug_aranges)

.debug_pubnames
 *(.debug_pubnames)

.debug_info     0x00000000     0x61aa
 *(.debug_info .gnu.linkonce.wi.*)
 .debug_info    0x00000000     0x1f6a obj/main.o
 .debug_info    0x00001f6a      0x488 obj/os.o
 .debug_info    0x000023f2     0x3db8 obj/syscalls.o

.debug_abbrev   0x00000000      0x62b
 *(.debug_abbrev)
 .debug_abbrev  0x00000000      0x2a4 obj/main.o
 .debug_abbrev  0x000002a4      0x1b6 obj/os.o
 .debug_abbrev  0x0000045a      0x1d1 obj/syscalls.o

.debug_line     0x00000000     0x3271
 *(.debug_line)
 .debug_line    0x00000000     0x1427 obj/main.o
 .debug_line    0x00001427      0x3e7 obj/os.o
 .debug_line    0x0000180e     0x1a63 obj/syscalls.o

.debug_frame    0x00000000     0x143c
 *(.debug_frame)
 .debug_frame   0x00000000      0x47c obj/main.o
 .debug_frame   0x0000047c      0x114 obj/os.o
 .debug_frame   0x00000590      0xeac obj/syscalls.o

.debug_str      0x00000000     0x29b5
 *(.debug_str)
 .debug_str     0x00000000     0x17de obj/main.o
                               0x18b4 (size before relaxing)
 .debug_str     0x000017de      0x171 obj/os.o
                                0x23e (size before relaxing)
 .debug_str     0x0000194f     0x1066 obj/syscalls.o
                               0x1bcd (size before relaxing)

.debug_loc      0x00000000     0x30a6
 *(.debug_loc)
 .debug_loc     0x00000000      0xbb8 obj/main.o
 .debug_loc     0x00000bb8      0x520 obj/os.o
 .debug_loc     0x000010d8     0x1fce obj/syscalls.o

.debug_macinfo  0x00000000        0x3
 *(.debug_macinfo)
 .debug_macinfo
                0x00000000        0x1 obj/main.o
 .debug_macinfo
                0x00000001        0x1 obj/os.o
 .debug_macinfo
                0x00000002        0x1 obj/syscalls.o

.debug_weaknames
 *(.debug_weaknames)

.debug_funcnames
 *(.debug_funcnames)

.debug_typenames
 *(.debug_typenames)

.debug_varnames
 *(.debug_varnames)
OUTPUT(bin/app.elf elf32-littlearm)

.debug_ranges   0x00000000      0x6c8
 .debug_ranges  0x00000000      0x208 obj/main.o
 .debug_ranges  0x00000208       0x88 obj/os.o
 .debug_ranges  0x00000290      0x438 obj/syscalls.o
